app/admin/seo-killer/sosyal-onizleme/page.tsx(5,26): error TS2724: '"@/lib/products"' has no exported member named 'Product'. Did you mean 'PRODUCTS'?
app/admin/siparisler/sepet-terk/page.tsx(10,3): error TS2459: Module '"@/lib/abandoned-carts"' declares 'AbandonedCartFilters' locally, but it is not exported.
app/admin/siparisler/sepet-terk/page.tsx(11,3): error TS2724: '"@/lib/abandoned-carts"' has no exported member named 'AbandonedCartSort'. Did you mean 'getAbandonedCarts'?
app/api/analytics/heartbeat/route.ts(7,35): error TS2339: Property 'get' does not exist on type 'Promise<ReadonlyHeaders>'.
app/api/analytics/heartbeat/route.ts(9,28): error TS2339: Property 'get' does not exist on type 'Promise<ReadonlyHeaders>'.
